read_id,read_id_next,score
05f5c80b-592f-4e4c-9d4b-24549b3d297e,2f5c2fc1-1cb1-444a-9d54-76f9c78c2fd7,1.528
fc7f7281-b19b-462c-acb0-c3508dab7051,ea8173e6-d770-4eac-b04b-4af61840cabd,1.464
