filename	read_id	parent_read_id	run_id	batch_id	channel	mux	start_time	duration	minknow_events	passes_filtering	template_start	num_events_template	template_duration	sequence_length_template	mean_qscore_template	strand_score_template	median_template	mad_template	scaling_median_template	scaling_mad_template	barcode_arrangement	barcode_full_arrangement	barcode_kit	barcode_variant	barcode_score	barcode_front_id	barcode_front_score	barcode_front_refseq	barcode_front_foundseq	barcode_front_foundseq_length	barcode_front_begin_index	barcode_rear_id	barcode_rear_score	barcode_rear_refseq	barcode_rear_foundseq	barcode_rear_foundseq_length	barcode_rear_end_index
NBD114_96_duplexReads.0_0.fast5	2f5c2fc1-1cb1-444a-9d54-76f9c78c2fd7	2f5c2fc1-1cb1-444a-9d54-76f9c78c2fd7	3920989083e15ad8b64e00188ad4cf3e95553100	0	2	1	3298.177800	1.379400	764	TRUE	3298.177800	1149	1.379400	467	10.248881	2.829656	107.757591	20.322617	107.757591	20.322617	barcode20	NB20_var1	NB	var1	98.750000	NB20_FWD	98.750000	AGGTTAATTGCGTCCTGTTACGAGAACTCATCAGCACCT	AGGTTAATTGCGTCCTGTTACGAGAACTCATCAGCACCT	39	34	NB20_REV	68.666664	GGTGCTGATGAGTTCTCGTAACAGGACGCAATTAACCTTAGCAAT	GTGTGCTAATAAGTTCTCGTAAACAGGAACCGCATAACTTAGCAAT	46	5
NBD114_96_duplexReads.0_0.fast5	ea8173e6-d770-4eac-b04b-4af61840cabd	ea8173e6-d770-4eac-b04b-4af61840cabd	3920989083e15ad8b64e00188ad4cf3e95553100	0	4	2	821.983200	1.969200	1254	TRUE	821.983200	1641	1.969200	840	11.785131	3.097068	107.945564	19.011480	107.945564	19.011480	barcode21	NB21_var1	NB	var1	99.166664	NB21_FWD	99.166664	AGGTTAAGAGCCTCTCATTGTCCGTTCTCTACAGCACCT	AGGTTAAGAGCCTCTCATTGTCCGTTCTCTACAGCGCCT	39	35	NB21_REV	77.166664	GGTGCTGTAGAGAACGGACAATGAGAGGCTCTTAACCTTAGCAAT	GGTGCTGTAGAGAACGGACAATGGCGAGGCTGCTGACCTTTTAGCAAT	48	6
NBD114_96_duplexReads.0_0.fast5	fc7f7281-b19b-462c-acb0-c3508dab7051	fc7f7281-b19b-462c-acb0-c3508dab7051	3920989083e15ad8b64e00188ad4cf3e95553100	0	4	2	819.781800	2.174800	1337	TRUE	819.781800	1812	2.174800	845	12.693538	3.079723	104.087578	21.551809	104.087578	21.551809	barcode21	NB21_var1	NB	var1	99.166664	NB21_FWD	99.166664	AGGTTAAGAGCCTCTCATTGTCCGTTCTCTACAGCACCT	AGGTTAAGAGCCTCTCATTGTCCGTTCTCTACAGCACCT	39	37	NB21_REV	92.166664	GGTGCTGTAGAGAACGGACAATGAGAGGCTCTTAACCTTAGCAAT	GGTGCTGTGAGAACGGACAATGAGAGGCTCTTAACCTTAGCAAT	44	6
NBD114_96_duplexReads.0_0.fast5	05f5c80b-592f-4e4c-9d4b-24549b3d297e	05f5c80b-592f-4e4c-9d4b-24549b3d297e	3920989083e15ad8b64e00188ad4cf3e95553100	0	2	1	3296.929000	1.228800	776	TRUE	3296.929000	1024	1.228800	467	11.507246	2.917747	108.575951	20.896240	108.575951	20.896240	barcode20	NB20_var1	NB	var1	67.916664	NB20_FWD	63.333332	AGGTTAATTGCGTCCTGTTACGAGAACTCATCAGCACCT	AGGTTAATTGCGTATGCTTGCCGAACTCATCAGCACCT	38	38	NB20_REV	67.916664	GGTGCTGATGAGTTCTCGTAACAGGACGCAATTAACCTTAGCAAT	GGTGCTGATGAGTTCTCGTGACAGCAATTAACCTTAGCAAT	41	6
