filename	read_id	duplex_pair_read_id	run_id	batch_id	channel	mux	start_time	duration	minknow_events	passes_filtering	template_start	num_events_template	template_duration	sequence_length_template	mean_qscore_template	strand_score_template	median_template	mad_template	scaling_median_template	scaling_mad_template	barcode_arrangement	barcode_full_arrangement	barcode_kit	barcode_variant	barcode_score	barcode_front_id	barcode_front_score	barcode_front_refseq	barcode_front_foundseq	barcode_front_foundseq_length	barcode_front_begin_index	barcode_rear_id	barcode_rear_score	barcode_rear_refseq	barcode_rear_foundseq	barcode_rear_foundseq_length	barcode_rear_end_index
NBD114_96_duplexReads.0_0.fast5	05f5c80b-592f-4e4c-9d4b-24549b3d297e	2f5c2fc1-1cb1-444a-9d54-76f9c78c2fd7	3920989083e15ad8b64e00188ad4cf3e95553100	0	2	1	3296.929000	1.228800	776	TRUE	3296.929000	1024	1.228800	528	10.343708	0	108.575951	20.896240	108.575951	20.896240	barcode20	NB20_var1	NB	var1	98.166664	NB20_FWD	54.166668	AGGTTAATTGCGTCCTGTTACGAGAACTCATCAGCACCT	ATTACATCCCATGCTTCCCAGCACACTCATCAGCACCT	38	67	NB20_REV	98.166664	GGTGCTGATGAGTTCTCGTAACAGGACGCAATTAACCTTAGCAAT	GGTGCTGATGAGTTCTCGTAACAGGACGCAATTAACCTTAGC	42	0
NBD114_96_duplexReads.0_0.fast5	fc7f7281-b19b-462c-acb0-c3508dab7051	ea8173e6-d770-4eac-b04b-4af61840cabd	3920989083e15ad8b64e00188ad4cf3e95553100	0	4	2	819.781800	2.174800	1337	TRUE	819.781800	1812	2.174800	865	13.615252	0	104.087578	21.551809	104.087578	21.551809	barcode21	NB21_var2	NB	var2	97.833336	NB21_FWD	91.833336	ATTGCTAAGGTTAAGAGCCTCTCATTGTCCGTTCTCTACAGCACC	ATTGCTATGGCTATGAAGAGCCTCTCATTGTCCGTTCTCTGAAGCC	46	54	NB21_REV	97.833336	AGGTGCTGTAGAGAACGGACAATGAGAGGCTCTTAACCT	AGGTGCTGTAGAGAACGGACAATGAGAGGCTCTTAACCT	39	5
